
> ghostnote-web@0.1.0 build:packages D:\GITHUB\GN\ghostnote-web
> tsc --build

packages/notes/src/components/CreateNoteForm.tsx(110,11): error TS2322: Type '{ children: Element[]; title: string; onTitleChange: (newTitle: string) => void; onSave: () => void; onPublish: () => void; lastSaved: Date | undefined; onBackClick: () => void; }' is not assignable to type 'IntrinsicAttributes & EditorHeaderProps'.
  Property 'onTitleChange' does not exist on type 'IntrinsicAttributes & EditorHeaderProps'.
packages/notes/src/components/CreateNoteForm.tsx(127,13): error TS2322: Type 'null' is not assignable to type '"view" | "edit" | undefined'.
packages/notes/src/components/CreateNoteForm.tsx(128,13): error TS2322: Type '(mode: "move" | "resize" | "rotate" | null) => void' is not assignable to type '(mode: "view" | "edit") => void'.
  Types of parameters 'mode' and 'mode' are incompatible.
    Type '"view" | "edit"' is not assignable to type '"resize" | "rotate" | "move" | null'.
      Type '"view"' is not assignable to type '"resize" | "rotate" | "move" | null'.
packages/notes/src/components/CreateNoteForm.tsx(136,10): error TS2304: Cannot find name 'WordCountWidget'.
packages/notes/src/components/editor/ImageToolbox.tsx(49,12): error TS2552: Cannot find name 'ImageIconSafe'. Did you mean 'ImageIcon'?
packages/note-reader/src/[id]/page.tsx(118,18): error TS2786: 'Link' cannot be used as a JSX component.
  Its type 'ForwardRefExoticComponent<Omit<AnchorHTMLAttributes<HTMLAnchorElement>, keyof InternalLinkProps> & InternalLinkProps & { ...; } & RefAttributes<...>>' is not a valid JSX element type.
    Type 'ForwardRefExoticComponent<Omit<AnchorHTMLAttributes<HTMLAnchorElement>, keyof InternalLinkProps> & InternalLinkProps & { ...; } & RefAttributes<...>>' is not assignable to type '(props: any, deprecatedLegacyContext?: any) => ReactNode'.
      Type 'import("D:/GITHUB/GN/ghostnote-web/node_modules/.pnpm/@types+react@19.1.8/node_modules/@types/react/index").ReactNode' is not assignable to type 'React.ReactNode'.
        Type 'bigint' is not assignable to type 'ReactNode'.
packages/note-reader/src/[id]/page.tsx(175,20): error TS2786: 'Link' cannot be used as a JSX component.
  Its type 'ForwardRefExoticComponent<Omit<AnchorHTMLAttributes<HTMLAnchorElement>, keyof InternalLinkProps> & InternalLinkProps & { ...; } & RefAttributes<...>>' is not a valid JSX element type.
    Type 'ForwardRefExoticComponent<Omit<AnchorHTMLAttributes<HTMLAnchorElement>, keyof InternalLinkProps> & InternalLinkProps & { ...; } & RefAttributes<...>>' is not assignable to type '(props: any, deprecatedLegacyContext?: any) => ReactNode'.
      Type 'import("D:/GITHUB/GN/ghostnote-web/node_modules/.pnpm/@types+react@19.1.8/node_modules/@types/react/index").ReactNode' is not assignable to type 'React.ReactNode'.
        Type 'bigint' is not assignable to type 'ReactNode'.
packages/note-reader/src/[id]/page.tsx(186,20): error TS2786: 'Link' cannot be used as a JSX component.
  Its type 'ForwardRefExoticComponent<Omit<AnchorHTMLAttributes<HTMLAnchorElement>, keyof InternalLinkProps> & InternalLinkProps & { ...; } & RefAttributes<...>>' is not a valid JSX element type.
    Type 'ForwardRefExoticComponent<Omit<AnchorHTMLAttributes<HTMLAnchorElement>, keyof InternalLinkProps> & InternalLinkProps & { ...; } & RefAttributes<...>>' is not assignable to type '(props: any, deprecatedLegacyContext?: any) => ReactNode'.
      Type 'import("D:/GITHUB/GN/ghostnote-web/node_modules/.pnpm/@types+react@19.1.8/node_modules/@types/react/index").ReactNode' is not assignable to type 'React.ReactNode'.
        Type 'bigint' is not assignable to type 'ReactNode'.
packages/note-reader/src/[id]/page.tsx(216,18): error TS2786: 'Link' cannot be used as a JSX component.
  Its type 'ForwardRefExoticComponent<Omit<AnchorHTMLAttributes<HTMLAnchorElement>, keyof InternalLinkProps> & InternalLinkProps & { ...; } & RefAttributes<...>>' is not a valid JSX element type.
    Type 'ForwardRefExoticComponent<Omit<AnchorHTMLAttributes<HTMLAnchorElement>, keyof InternalLinkProps> & InternalLinkProps & { ...; } & RefAttributes<...>>' is not assignable to type '(props: any, deprecatedLegacyContext?: any) => ReactNode'.
      Type 'import("D:/GITHUB/GN/ghostnote-web/node_modules/.pnpm/@types+react@19.1.8/node_modules/@types/react/index").ReactNode' is not assignable to type 'React.ReactNode'.
        Type 'bigint' is not assignable to type 'ReactNode'.
packages/note-reader/src/[id]/page.tsx(382,16): error TS2786: 'Link' cannot be used as a JSX component.
  Its type 'ForwardRefExoticComponent<Omit<AnchorHTMLAttributes<HTMLAnchorElement>, keyof InternalLinkProps> & InternalLinkProps & { ...; } & RefAttributes<...>>' is not a valid JSX element type.
    Type 'ForwardRefExoticComponent<Omit<AnchorHTMLAttributes<HTMLAnchorElement>, keyof InternalLinkProps> & InternalLinkProps & { ...; } & RefAttributes<...>>' is not assignable to type '(props: any, deprecatedLegacyContext?: any) => ReactNode'.
      Type 'import("D:/GITHUB/GN/ghostnote-web/node_modules/.pnpm/@types+react@19.1.8/node_modules/@types/react/index").ReactNode' is not assignable to type 'React.ReactNode'.
        Type 'bigint' is not assignable to type 'ReactNode'.
packages/note-reader/src/[id]/page.tsx(391,18): error TS2786: 'Link' cannot be used as a JSX component.
  Its type 'ForwardRefExoticComponent<Omit<AnchorHTMLAttributes<HTMLAnchorElement>, keyof InternalLinkProps> & InternalLinkProps & { ...; } & RefAttributes<...>>' is not a valid JSX element type.
    Type 'ForwardRefExoticComponent<Omit<AnchorHTMLAttributes<HTMLAnchorElement>, keyof InternalLinkProps> & InternalLinkProps & { ...; } & RefAttributes<...>>' is not assignable to type '(props: any, deprecatedLegacyContext?: any) => ReactNode'.
      Type 'import("D:/GITHUB/GN/ghostnote-web/node_modules/.pnpm/@types+react@19.1.8/node_modules/@types/react/index").ReactNode' is not assignable to type 'React.ReactNode'.
        Type 'bigint' is not assignable to type 'ReactNode'.
ΓÇëELIFECYCLEΓÇë Command failed with exit code 2.
